../Core/Src/main.c:40:5:main	24	static
../Core/Src/main.c:93:6:led_pattern_gen	16	static
../Core/Src/main.c:106:9:button_matching	8	static
../Core/Src/main.c:128:6:pattern_check	16	static
../Core/Src/main.c:139:6:next_level	16	static
../Core/Src/main.c:163:6:sendData	16	static
../Core/Src/main.c:169:6:receiveData	16	static
../Core/Src/main.c:175:6:SystemClock_Config	88	static
../Core/Src/main.c:210:13:MX_I2C1_Init	8	static
../Core/Src/main.c:227:13:MX_USART2_UART_Init	8	static
../Core/Src/main.c:244:13:MX_GPIO_Init	48	static
../Core/Src/main.c:288:6:Error_Handler	4	static,ignoring_inline_asm
