../Core/Src/main.c:40:5:main	24	static
../Core/Src/main.c:89:6:led_pattern_gen	16	static
../Core/Src/main.c:102:9:button_matching	8	static
../Core/Src/main.c:121:6:pattern_check	16	static
../Core/Src/main.c:132:6:next_level	16	static
../Core/Src/main.c:145:6:sendData	16	static
../Core/Src/main.c:151:6:receiveData	16	static
../Core/Src/main.c:157:6:SystemClock_Config	88	static
../Core/Src/main.c:192:13:MX_I2C1_Init	8	static
../Core/Src/main.c:209:13:MX_USART2_UART_Init	8	static
../Core/Src/main.c:226:13:MX_GPIO_Init	48	static
../Core/Src/main.c:270:6:Error_Handler	4	static,ignoring_inline_asm
