../Core/Src/main.c:41:5:main	24	static
../Core/Src/main.c:85:6:led_pattern_gen	16	static
../Core/Src/main.c:98:9:button_matching	8	static
../Core/Src/main.c:117:6:pattern_check	16	static
../Core/Src/main.c:128:6:next_level	16	static
../Core/Src/main.c:141:6:sendData	16	static
../Core/Src/main.c:147:6:receiveData	16	static
../Core/Src/main.c:153:6:SystemClock_Config	88	static
../Core/Src/main.c:188:13:MX_I2C1_Init	8	static
../Core/Src/main.c:205:13:MX_USART2_UART_Init	8	static
../Core/Src/main.c:222:13:MX_GPIO_Init	48	static
../Core/Src/main.c:266:6:Error_Handler	4	static,ignoring_inline_asm
